// Jest Snapshot v1, https://goo.gl/fbAQLP

exports[`should render header correctly 1`] = `
<header>
  <h1>
    Malte malte Malte 🖌️
  </h1>
  <NavLink
    className={[Function]}
    to="/"
  >
    Home
  </NavLink>
  <NavLink
    className={[Function]}
    to="/create"
  >
    Create Expense
  </NavLink>
  <NavLink
    className={[Function]}
    to="/edit"
  >
    Edit Expense
  </NavLink>
  <NavLink
    className={[Function]}
    to="/help"
  >
    Help
  </NavLink>
</header>
`;
